 create mode 100644 node_modules/tslib/modules/package.json
 create mode 100644 node_modules/tslib/package.json
 create mode 100644 node_modules/tslib/tslib.d.ts
 create mode 100644 node_modules/tslib/tslib.es6.html
 create mode 100644 node_modules/tslib/tslib.es6.js
 create mode 100644 node_modules/tslib/tslib.html
 create mode 100644 node_modules/tslib/tslib.js
 create mode 100644 node_modules/valid-data-url/CHANGELOG.md
 create mode 100644 node_modules/valid-data-url/LICENSE
 create mode 100644 node_modules/valid-data-url/README.md
 create mode 100644 node_modules/valid-data-url/index.js
 create mode 100644 node_modules/valid-data-url/package.json
 create mode 100644 node_modules/vite/LICENSE.md
 create mode 100644 node_modules/vite/README.md
 create mode 100644 node_modules/vite/bin/openChrome.applescript
 create mode 100644 node_modules/vite/bin/vite.js
 create mode 100644 node_modules/vite/client.d.ts
 create mode 100644 node_modules/vite/dist/client/client.mjs
 create mode 100644 node_modules/vite/dist/client/client.mjs.map
 create mode 100644 node_modules/vite/dist/client/env.mjs
 create mode 100644 node_modules/vite/dist/client/env.mjs.map
 create mode 100644 node_modules/vite/dist/node-cjs/publicUtils.cjs
 create mode 100644 node_modules/vite/dist/node/chunks/dep-07a79996.js
 create mode 100644 node_modules/vite/dist/node/chunks/dep-19c40c50.js
 create mode 100644 node_modules/vite/dist/node/chunks/dep-2e4b3d45.js
 create mode 100644 node_modules/vite/dist/node/chunks/dep-67e7f8ab.js
 create mode 100644 node_modules/vite/dist/node/chunks/dep-9deb2354.js
 create mode 100644 node_modules/vite/dist/node/cli.js
 create mode 100644 node_modules/vite/dist/node/constants.js
 create mode 100644 node_modules/vite/dist/node/index.d.ts
 create mode 100644 node_modules/vite/dist/node/index.js
 create mode 100644 node_modules/vite/index.cjs
 create mode 100644 node_modules/vite/node_modules/.bin/esbuild
 create mode 100644 node_modules/vite/node_modules/.bin/esbuild.cmd
 create mode 100644 node_modules/vite/node_modules/.bin/lessc
 create mode 100644 node_modules/vite/node_modules/.bin/lessc.cmd
 create mode 100644 node_modules/vite/node_modules/.bin/resolve
 create mode 100644 node_modules/vite/node_modules/.bin/resolve.cmd
 create mode 100644 node_modules/vite/node_modules/.bin/rollup
 create mode 100644 node_modules/vite/node_modules/.bin/rollup.cmd
 create mode 100644 node_modules/vite/package.json
 create mode 100644 node_modules/vite/types/alias.d.ts
 create mode 100644 node_modules/vite/types/anymatch.d.ts
 create mode 100644 node_modules/vite/types/chokidar.d.ts
 create mode 100644 node_modules/vite/types/commonjs.d.ts
 create mode 100644 node_modules/vite/types/connect.d.ts
 create mode 100644 node_modules/vite/types/customEvent.d.ts
 create mode 100644 node_modules/vite/types/dynamicImportVars.d.ts
 create mode 100644 node_modules/vite/types/hmrPayload.d.ts
 create mode 100644 node_modules/vite/types/hot.d.ts
 create mode 100644 node_modules/vite/types/http-proxy.d.ts
 create mode 100644 node_modules/vite/types/importGlob.d.ts
 create mode 100644 node_modules/vite/types/importMeta.d.ts
 create mode 100644 node_modules/vite/types/package.json
 create mode 100644 node_modules/vite/types/terser.d.ts
 create mode 100644 node_modules/vite/types/ws.d.ts
 create mode 100644 node_modules/vitepress/LICENSE
 create mode 100644 node_modules/vitepress/README.md
 create mode 100644 node_modules/vitepress/bin/vitepress.js
 create mode 100644 node_modules/vitepress/client.d.ts
 create mode 100644 node_modules/vitepress/dist/client/app/components/ClientOnly.js
 create mode 100644 node_modules/vitepress/dist/client/app/components/Content.js
 create mode 100644 node_modules/vitepress/dist/client/app/composables/copyCode.js
 create mode 100644 node_modules/vitepress/dist/client/app/composables/head.js
 create mode 100644 node_modules/vitepress/dist/client/app/composables/preFetch.js
 create mode 100644 node_modules/vitepress/dist/client/app/data.js
 create mode 100644 node_modules/vitepress/dist/client/app/devtools.js
 create mode 100644 node_modules/vitepress/dist/client/app/index.js
 create mode 100644 node_modules/vitepress/dist/client/app/router.js
 create mode 100644 node_modules/vitepress/dist/client/app/ssr.js
 create mode 100644 node_modules/vitepress/dist/client/app/theme.js
 create mode 100644 node_modules/vitepress/dist/client/app/utils.js
 create mode 100644 node_modules/vitepress/dist/client/index.d.ts
 create mode 100644 node_modules/vitepress/dist/client/index.js
 create mode 100644 node_modules/vitepress/dist/client/shared.js
 create mode 100644 node_modules/vitepress/dist/client/theme-default/Layout.vue
 create mode 100644 node_modules/vitepress/dist/client/theme-default/NotFound.vue
 create mode 100644 node_modules/vitepress/dist/client/theme-default/components/VPAlgoliaSearchBox.vue
 create mode 100644 node_modules/vitepress/dist/client/theme-default/components/VPBackdrop.vue
 create mode 100644 node_modules/vitepress/dist/client/theme-default/components/VPBadge.vue
 create mode 100644 node_modules/vitepress/dist/client/theme-default/components/VPButton.vue
 create mode 100644 node_modules/vitepress/dist/client/theme-default/components/VPCarbonAds.vue
 create mode 100644 node_modules/vitepress/dist/client/theme-default/components/VPContent.vue
 create mode 100644 node_modules/vitepress/dist/client/theme-default/components/VPDoc.vue
 create mode 100644 node_modules/vitepress/dist/client/theme-default/components/VPDocAside.vue
 create mode 100644 node_modules/vitepress/dist/client/theme-default/components/VPDocAsideCarbonAds.vue
 create mode 100644 node_modules/vitepress/dist/client/theme-default/components/VPDocAsideOutline.vue
 create mode 100644 node_modules/vitepress/dist/client/theme-default/components/VPDocAsideOutlineItem.vue
 create mode 100644 node_modules/vitepress/dist/client/theme-default/components/VPDocAsideSponsors.vue
 create mode 100644 node_modules/vitepress/dist/client/theme-default/components/VPDocFooter.vue
 create mode 100644 node_modules/vitepress/dist/client/theme-default/components/VPDocFooterLastUpdated.vue
 create mode 100644 node_modules/vitepress/dist/client/theme-default/components/VPFeature.vue
 create mode 100644 node_modules/vitepress/dist/client/theme-default/components/VPFeatures.vue
 create mode 100644 node_modules/vitepress/dist/client/theme-default/components/VPFlyout.vue
 create mode 100644 node_modules/vitepress/dist/client/theme-default/components/VPFooter.vue
 create mode 100644 node_modules/vitepress/dist/client/theme-default/components/VPHero.vue
 create mode 100644 node_modules/vitepress/dist/client/theme-default/components/VPHome.vue
 create mode 100644 node_modules/vitepress/dist/client/theme-default/components/VPHomeFeatures.vue
 create mode 100644 node_modules/vitepress/dist/client/theme-default/components/VPHomeHero.vue
 create mode 100644 node_modules/vitepress/dist/client/theme-default/components/VPHomeSponsors.vue
 create mode 100644 node_modules/vitepress/dist/client/theme-default/components/VPImage.vue
 create mode 100644 node_modules/vitepress/dist/client/theme-default/components/VPLink.vue
 create mode 100644 node_modules/vitepress/dist/client/theme-default/components/VPLocalNav.vue
 create mode 100644 node_modules/vitepress/dist/client/theme-default/components/VPMenu.vue
 create mode 100644 node_modules/vitepress/dist/client/theme-default/components/VPMenuGroup.vue
 create mode 100644 node_modules/vitepress/dist/client/theme-default/components/VPMenuLink.vue
 create mode 100644 node_modules/vitepress/dist/client/theme-default/components/VPNav.vue
 create mode 100644 node_modules/vitepress/dist/client/theme-default/components/VPNavBar.vue
 create mode 100644 node_modules/vitepress/dist/client/theme-default/components/VPNavBarAppearance.vue
 create mode 100644 node_modules/vitepress/dist/client/theme-default/components/VPNavBarExtra.vue
 create mode 100644 node_modules/vitepress/dist/client/theme-default/components/VPNavBarHamburger.vue
 create mode 100644 node_modules/vitepress/dist/client/theme-default/components/VPNavBarMenu.vue
 create mode 100644 node_modules/vitepress/dist/client/theme-default/components/VPNavBarMenuGroup.vue
 create mode 100644 node_modules/vitepress/dist/client/theme-default/components/VPNavBarMenuLink.vue
 create mode 100644 node_modules/vitepress/dist/client/theme-default/components/VPNavBarSearch.vue
 create mode 100644 node_modules/vitepress/dist/client/theme-default/components/VPNavBarSocialLinks.vue
 create mode 100644 node_modules/vitepress/dist/client/theme-default/components/VPNavBarTitle.vue
 create mode 100644 node_modules/vitepress/dist/client/theme-default/components/VPNavBarTranslations.vue
 create mode 100644 node_modules/vitepress/dist/client/theme-default/components/VPNavScreen.vue
 create mode 100644 node_modules/vitepress/dist/client/theme-default/components/VPNavScreenAppearance.vue
 create mode 100644 node_modules/vitepress/dist/client/theme-default/components/VPNavScreenMenu.vue
 create mode 100644 node_modules/vitepress/dist/client/theme-default/components/VPNavScreenMenuGroup.vue
 create mode 100644 node_modules/vitepress/dist/client/theme-default/components/VPNavScreenMenuGroupLink.vue
 create mode 100644 node_modules/vitepress/dist/client/theme-default/components/VPNavScreenMenuGroupSection.vue
 create mode 100644 node_modules/vitepress/dist/client/theme-default/components/VPNavScreenMenuLink.vue
 create mode 100644 node_modules/vitepress/dist/client/theme-default/components/VPNavScreenSocialLinks.vue
 create mode 100644 node_modules/vitepress/dist/client/theme-default/components/VPNavScreenTranslations.vue
 create mode 100644 node_modules/vitepress/dist/client/theme-default/components/VPPage.vue
 create mode 100644 node_modules/vitepress/dist/client/theme-default/components/VPSidebar.vue
 create mode 100644 node_modules/vitepress/dist/client/theme-default/components/VPSidebarGroup.vue
 create mode 100644 node_modules/vitepress/dist/client/theme-default/components/VPSidebarLink.vue
 create mode 100644 node_modules/vitepress/dist/client/theme-default/components/VPSkipLink.vue
 create mode 100644 node_modules/vitepress/dist/client/theme-default/components/VPSocialLink.vue
 create mode 100644 node_modules/vitepress/dist/client/theme-default/components/VPSocialLinks.vue
 create mode 100644 node_modules/vitepress/dist/client/theme-default/components/VPSponsors.vue
 create mode 100644 node_modules/vitepress/dist/client/theme-default/components/VPSponsorsGrid.vue
 create mode 100644 node_modules/vitepress/dist/client/theme-default/components/VPSwitch.vue
 create mode 100644 node_modules/vitepress/dist/client/theme-default/components/VPSwitchAppearance.vue
 create mode 100644 node_modules/vitepress/dist/client/theme-default/components/VPTeamMembers.vue
 create mode 100644 node_modules/vitepress/dist/client/theme-default/components/VPTeamMembersItem.vue
 create mode 100644 node_modules/vitepress/dist/client/theme-default/components/VPTeamPage.vue
 create mode 100644 node_modules/vitepress/dist/client/theme-default/components/VPTeamPageSection.vue
 create mode 100644 node_modules/vitepress/dist/client/theme-default/components/VPTeamPageTitle.vue
 create mode 100644 node_modules/vitepress/dist/client/theme-default/components/icons/VPIconAlignJustify.vue
 create mode 100644 node_modules/vitepress/dist/client/theme-default/components/icons/VPIconAlignLeft.vue
 create mode 100644 node_modules/vitepress/dist/client/theme-default/components/icons/VPIconAlignRight.vue
 create mode 100644 node_modules/vitepress/dist/client/theme-default/components/icons/VPIconArrowLeft.vue
 create mode 100644 node_modules/vitepress/dist/client/theme-default/components/icons/VPIconArrowRight.vue
 create mode 100644 node_modules/vitepress/dist/client/theme-default/components/icons/VPIconChevronDown.vue
 create mode 100644 node_modules/vitepress/dist/client/theme-default/components/icons/VPIconChevronLeft.vue
 create mode 100644 node_modules/vitepress/dist/client/theme-default/components/icons/VPIconChevronRight.vue
 create mode 100644 node_modules/vitepress/dist/client/theme-default/components/icons/VPIconChevronUp.vue
 create mode 100644 node_modules/vitepress/dist/client/theme-default/components/icons/VPIconEdit.vue
 create mode 100644 node_modules/vitepress/dist/client/theme-default/components/icons/VPIconExternalLink.vue
 create mode 100644 node_modules/vitepress/dist/client/theme-default/components/icons/VPIconHeart.vue
 create mode 100644 node_modules/vitepress/dist/client/theme-default/components/icons/VPIconLanguages.vue
 create mode 100644 node_modules/vitepress/dist/client/theme-default/components/icons/VPIconMinus.vue
 create mode 100644 node_modules/vitepress/dist/client/theme-default/components/icons/VPIconMinusSquare.vue
 create mode 100644 node_modules/vitepress/dist/client/theme-default/components/icons/VPIconMoon.vue
 create mode 100644 node_modules/vitepress/dist/client/theme-default/components/icons/VPIconMoreHorizontal.vue
 create mode 100644 node_modules/vitepress/dist/client/theme-default/components/icons/VPIconPlus.vue
 create mode 100644 node_modules/vitepress/dist/client/theme-default/components/icons/VPIconPlusSquare.vue
 create mode 100644 node_modules/vitepress/dist/client/theme-default/components/icons/VPIconSun.vue
 create mode 100644 node_modules/vitepress/dist/client/theme-default/composables/aside.js
 create mode 100644 node_modules/vitepress/dist/client/theme-default/composables/edit-link.js
 create mode 100644 node_modules/vitepress/dist/client/theme-default/composables/flyout.js
 create mode 100644 node_modules/vitepress/dist/client/theme-default/composables/nav.js
 create mode 100644 node_modules/vitepress/dist/client/theme-default/composables/outline.js
 create mode 100644 node_modules/vitepress/dist/client/theme-default/composables/prev-next.js
 create mode 100644 node_modules/vitepress/dist/client/theme-default/composables/sidebar.js
 create mode 100644 node_modules/vitepress/dist/client/theme-default/composables/sponsor-grid.js
 create mode 100644 node_modules/vitepress/dist/client/theme-default/fonts/inter-cyrillic-ext.woff2
 create mode 100644 node_modules/vitepress/dist/client/theme-default/fonts/inter-cyrillic.woff2
 create mode 100644 node_modules/vitepress/dist/client/theme-default/fonts/inter-greek-ext.woff2
 create mode 100644 node_modules/vitepress/dist/client/theme-default/fonts/inter-greek.woff2
 create mode 100644 node_modules/vitepress/dist/client/theme-default/fonts/inter-italic-cyrillic-ext.woff2
 create mode 100644 node_modules/vitepress/dist/client/theme-default/fonts/inter-italic-cyrillic.woff2
 create mode 100644 node_modules/vitepress/dist/client/theme-default/fonts/inter-italic-greek-ext.woff2
 create mode 100644 node_modules/vitepress/dist/client/theme-default/fonts/inter-italic-greek.woff2
 create mode 100644 node_modules/vitepress/dist/client/theme-default/fonts/inter-italic-latin-ext.woff2
 create mode 100644 node_modules/vitepress/dist/client/theme-default/fonts/inter-italic-latin.woff2
 create mode 100644 node_modules/vitepress/dist/client/theme-default/fonts/inter-italic-vietnamese.woff2
 create mode 100644 node_modules/vitepress/dist/client/theme-default/fonts/inter-latin-ext.woff2
 create mode 100644 node_modules/vitepress/dist/client/theme-default/fonts/inter-latin.woff2
 create mode 100644 node_modules/vitepress/dist/client/theme-default/fonts/inter-roman-cyrillic-ext.woff2
 create mode 100644 node_modules/vitepress/dist/client/theme-default/fonts/inter-roman-cyrillic.woff2
 create mode 100644 node_modules/vitepress/dist/client/theme-default/fonts/inter-roman-greek-ext.woff2
 create mode 100644 node_modules/vitepress/dist/client/theme-default/fonts/inter-roman-greek.woff2
 create mode 100644 node_modules/vitepress/dist/client/theme-default/fonts/inter-roman-latin-ext.woff2
 create mode 100644 node_modules/vitepress/dist/client/theme-default/fonts/inter-roman-latin.woff2
 create mode 100644 node_modules/vitepress/dist/client/theme-default/fonts/inter-roman-vietnamese.woff2
 create mode 100644 node_modules/vitepress/dist/client/theme-default/fonts/inter-vietnamese.woff2
 create mode 100644 node_modules/vitepress/dist/client/theme-default/index.js
 create mode 100644 node_modules/vitepress/dist/client/theme-default/styles/base.css
 create mode 100644 node_modules/vitepress/dist/client/theme-default/styles/components/custom-block.css
 create mode 100644 node_modules/vitepress/dist/client/theme-default/styles/components/vp-code.css
 create mode 100644 node_modules/vitepress/dist/client/theme-default/styles/components/vp-doc.css
 create mode 100644 node_modules/vitepress/dist/client/theme-default/styles/components/vp-sponsor.css
 create mode 100644 node_modules/vitepress/dist/client/theme-default/styles/fonts.css
 create mode 100644 node_modules/vitepress/dist/client/theme-default/styles/lib-override/nprogress.css
 create mode 100644 node_modules/vitepress/dist/client/theme-default/styles/utils.css
 create mode 100644 node_modules/vitepress/dist/client/theme-default/styles/vars.css
 create mode 100644 node_modules/vitepress/dist/client/theme-default/support/sidebar.js
 create mode 100644 node_modules/vitepress/dist/client/theme-default/support/socialIcons.js
 create mode 100644 node_modules/vitepress/dist/client/theme-default/support/utils.js
 create mode 100644 node_modules/vitepress/dist/node-cjs/cli.cjs
 create mode 100644 node_modules/vitepress/dist/node-cjs/index.cjs
 create mode 100644 node_modules/vitepress/dist/node-cjs/serve-a7464268.cjs
 create mode 100644 node_modules/vitepress/dist/node/cli.js
 create mode 100644 node_modules/vitepress/dist/node/index.d.ts
 create mode 100644 node_modules/vitepress/dist/node/index.js
 create mode 100644 node_modules/vitepress/dist/node/serve-fcdc8868.js
 create mode 100644 node_modules/vitepress/node_modules/.bin/vite
 create mode 100644 node_modules/vitepress/node_modules/.bin/vite.cmd
 create mode 100644 node_modules/vitepress/package.json
 create mode 100644 node_modules/vitepress/theme.d.ts
 create mode 100644 node_modules/vitepress/types/default-theme.d.ts
 create mode 100644 node_modules/vitepress/types/index.d.ts
 create mode 100644 node_modules/vitepress/types/shared.d.ts
 create mode 100644 node_modules/vscode-oniguruma/.gitattributes
 create mode 100644 node_modules/vscode-oniguruma/.github/workflows/ci.yml
 create mode 100644 node_modules/vscode-oniguruma/LICENSE.txt
 create mode 100644 node_modules/vscode-oniguruma/NOTICES.txt
 create mode 100644 node_modules/vscode-oniguruma/README.md
 create mode 100644 node_modules/vscode-oniguruma/main.d.ts
 create mode 100644 node_modules/vscode-oniguruma/package.json
 create mode 100644 node_modules/vscode-oniguruma/release/main.js
 create mode 100644 node_modules/vscode-oniguruma/release/onig.wasm
 create mode 100644 node_modules/vscode-textmate/.github/workflows/ci.yml
 create mode 100644 node_modules/vscode-textmate/.github/workflows/rich-navigation.yml
 create mode 100644 node_modules/vscode-textmate/.lsifrc.json
 create mode 100644 node_modules/vscode-textmate/LICENSE.md
 create mode 100644 node_modules/vscode-textmate/README.md
 create mode 100644 node_modules/vscode-textmate/SECURITY.md
 create mode 100644 node_modules/vscode-textmate/package.json
 create mode 100644 node_modules/vscode-textmate/release/main.d.ts
 create mode 100644 node_modules/vscode-textmate/release/main.js
 create mode 100644 node_modules/vscode-textmate/release/main.js.map
 create mode 100644 node_modules/vscode-textmate/release/types.d.ts
 create mode 100644 node_modules/vue-demi/LICENSE
 create mode 100644 node_modules/vue-demi/README.md
 create mode 100644 node_modules/vue-demi/bin/vue-demi-fix.js
 create mode 100644 node_modules/vue-demi/bin/vue-demi-switch.js
 create mode 100644 node_modules/vue-demi/lib/index.cjs
 create mode 100644 node_modules/vue-demi/lib/index.d.ts
 create mode 100644 node_modules/vue-demi/lib/index.iife.js
 create mode 100644 node_modules/vue-demi/lib/index.mjs
 create mode 100644 node_modules/vue-demi/lib/v2.7/index.cjs
 create mode 100644 node_modules/vue-demi/lib/v2.7/index.d.ts
 create mode 100644 node_modules/vue-demi/lib/v2.7/index.mjs
 create mode 100644 node_modules/vue-demi/lib/v2/index.cjs
 create mode 100644 node_modules/vue-demi/lib/v2/index.d.ts
 create mode 100644 node_modules/vue-demi/lib/v2/index.mjs
 create mode 100644 node_modules/vue-demi/lib/v3/index.cjs
 create mode 100644 node_modules/vue-demi/lib/v3/index.d.ts
 create mode 100644 node_modules/vue-demi/lib/v3/index.mjs
 create mode 100644 node_modules/vue-demi/package.json
 create mode 100644 node_modules/vue-demi/scripts/postinstall.js
 create mode 100644 node_modules/vue-demi/scripts/switch-cli.js
 create mode 100644 node_modules/vue-demi/scripts/utils.js
 create mode 100644 node_modules/vue/LICENSE
 create mode 100644 node_modules/vue/README.md
 create mode 100644 node_modules/vue/compiler-sfc/index.d.ts
 create mode 100644 node_modules/vue/compiler-sfc/index.js
 create mode 100644 node_modules/vue/compiler-sfc/index.mjs
 create mode 100644 node_modules/vue/compiler-sfc/package.json
 create mode 100644 node_modules/vue/dist/vue.cjs.js
 create mode 100644 node_modules/vue/dist/vue.cjs.prod.js
 create mode 100644 node_modules/vue/dist/vue.d.ts
 create mode 100644 node_modules/vue/dist/vue.esm-browser.js
 create mode 100644 node_modules/vue/dist/vue.esm-browser.prod.js
 create mode 100644 node_modules/vue/dist/vue.esm-bundler.js
 create mode 100644 node_modules/vue/dist/vue.global.js
 create mode 100644 node_modules/vue/dist/vue.global.prod.js
 create mode 100644 node_modules/vue/dist/vue.runtime.esm-browser.js
 create mode 100644 node_modules/vue/dist/vue.runtime.esm-browser.prod.js
 create mode 100644 node_modules/vue/dist/vue.runtime.esm-bundler.js
 create mode 100644 node_modules/vue/dist/vue.runtime.global.js
 create mode 100644 node_modules/vue/dist/vue.runtime.global.prod.js
 create mode 100644 node_modules/vue/index.js
 create mode 100644 node_modules/vue/index.mjs
 create mode 100644 node_modules/vue/macros-global.d.ts
 create mode 100644 node_modules/vue/macros.d.ts
 create mode 100644 node_modules/vue/package.json
 create mode 100644 node_modules/vue/ref-macros.d.ts
 create mode 100644 node_modules/vue/server-renderer/index.d.ts
 create mode 100644 node_modules/vue/server-renderer/index.js
 create mode 100644 node_modules/vue/server-renderer/index.mjs
 create mode 100644 node_modules/vue/server-renderer/package.json
 create mode 100644 node_modules/web-resource-inliner/README.md
 create mode 100644 node_modules/web-resource-inliner/node_modules/.bin/mime
 create mode 100644 node_modules/web-resource-inliner/node_modules/.bin/mime.cmd
 create mode 100644 node_modules/web-resource-inliner/node_modules/mime/CHANGELOG.md
 create mode 100644 node_modules/web-resource-inliner/node_modules/mime/LICENSE
 create mode 100644 node_modules/web-resource-inliner/node_modules/mime/Mime.js
 create mode 100644 node_modules/web-resource-inliner/node_modules/mime/README.md
 create mode 100644 node_modules/web-resource-inliner/node_modules/mime/cli.js
 create mode 100644 node_modules/web-resource-inliner/node_modules/mime/index.js
 create mode 100644 node_modules/web-resource-inliner/node_modules/mime/lite.js
 create mode 100644 node_modules/web-resource-inliner/node_modules/mime/package.json
 create mode 100644 node_modules/web-resource-inliner/node_modules/mime/types/other.js
 create mode 100644 node_modules/web-resource-inliner/node_modules/mime/types/standard.js
 create mode 100644 node_modules/web-resource-inliner/package.json
 create mode 100644 node_modules/web-resource-inliner/src/css.js
 create mode 100644 node_modules/web-resource-inliner/src/html.js
 create mode 100644 node_modules/web-resource-inliner/src/inline.js
 create mode 100644 node_modules/web-resource-inliner/src/util.js
 create mode 100644 node_modules/webidl-conversions/LICENSE.md
 create mode 100644 node_modules/webidl-conversions/README.md
 create mode 100644 node_modules/webidl-conversions/lib/index.js
 create mode 100644 node_modules/webidl-conversions/package.json
 create mode 100644 node_modules/whatwg-url/LICENSE.txt
 create mode 100644 node_modules/whatwg-url/README.md
 create mode 100644 node_modules/whatwg-url/lib/URL-impl.js
 create mode 100644 node_modules/whatwg-url/lib/URL.js
 create mode 100644 node_modules/whatwg-url/lib/public-api.js
 create mode 100644 node_modules/whatwg-url/lib/url-state-machine.js
 create mode 100644 node_modules/whatwg-url/lib/utils.js
 create mode 100644 node_modules/whatwg-url/package.json
 create mode 100644 node_modules/wicked-good-xpath/LICENSE
 create mode 100644 node_modules/wicked-good-xpath/README.md
 create mode 100644 node_modules/wicked-good-xpath/dist/wgxpath.install-node.js
 create mode 100644 node_modules/wicked-good-xpath/dist/wgxpath.install.js
 create mode 100644 node_modules/wicked-good-xpath/package.json
 create mode 100644 node_modules/xmldom-sre/.travis.yml
 create mode 100644 node_modules/xmldom-sre/LICENSE
 create mode 100644 node_modules/xmldom-sre/__package__.js
 create mode 100644 node_modules/xmldom-sre/changelog
 create mode 100644 node_modules/xmldom-sre/component.json
 create mode 100644 node_modules/xmldom-sre/dom-parser.js
 create mode 100644 node_modules/xmldom-sre/dom.js
 create mode 100644 node_modules/xmldom-sre/entities.js
 create mode 100644 node_modules/xmldom-sre/package.json
 create mode 100644 node_modules/xmldom-sre/readme.md
 create mode 100644 node_modules/xmldom-sre/sax.js
 create mode 100644 package-lock.json
 create mode 100644 package.json
 create mode 100644 todo.md
 create mode 100644 yarn-error.log
 create mode 100644 yarn.lock

xingj@TXJ-R9000P MINGW64 /e/Dev/front_end/vitepress-starter/github_ver_2 (main)
$ git remote add origin https://github.com/xingjiantian925/xdi8-shandong.git
error: remote origin already exists.

xingj@TXJ-R9000P MINGW64 /e/Dev/front_end/vitepress-starter/github_ver_2 (main)
$ ^[[200~git push -u origin main
bash: $'\E[200~git': command not found

xingj@TXJ-R9000P MINGW64 /e/Dev/front_end/vitepress-starter/github_ver_2 (main)
$ ~git push -u origin main
bash: ~git: command not found

xingj@TXJ-R9000P MINGW64 /e/Dev/front_end/vitepress-starter/github_ver_2 (main)
$ git push -u orgin main
fatal: 'orgin' does not appear to be a git repository
fatal: Could not read from remote repository.

Please make sure you have the correct access rights
and the repository exists.

xingj@TXJ-R9000P MINGW64 /e/Dev/front_end/vitepress-starter/github_ver_2 (main)
$ git push
fatal: The current branch main has no upstream branch.
To push the current branch and set the remote as upstream, use

    git push --set-upstream origin main

To have this happen automatically for branches without a tracking
upstream, see 'push.autoSetupRemote' in 'git help config'.


xingj@TXJ-R9000P MINGW64 /e/Dev/front_end/vitepress-starter/github_ver_2 (main)
$ git status
On branch main
nothing to commit, working tree clean

xingj@TXJ-R9000P MINGW64 /e/Dev/front_end/vitepress-starter/github_ver_2 (main)
$ git commit -m "haha"
On branch main
nothing to commit, working tree clean

xingj@TXJ-R9000P MINGW64 /e/Dev/front_end/vitepress-starter/github_ver_2 (main)
$ git push
fatal: The current branch main has no upstream branch.
To push the current branch and set the remote as upstream, use

    git push --set-upstream origin main

To have this happen automatically for branches without a tracking
upstream, see 'push.autoSetupRemote' in 'git help config'.


xingj@TXJ-R9000P MINGW64 /e/Dev/front_end/vitepress-starter/github_ver_2 (main)
$ git push -u origin main
Enumerating objects: 6481, done.
Counting objects: 100% (6481/6481), done.
Delta compression using up to 16 threads
Compressing objects: 100% (5034/5034), done.
Writing objects: 100% (6481/6481), 22.37 MiB | 1.08 MiB/s, done.
Total 6481 (delta 1107), reused 6481 (delta 1107), pack-reused 0
remote: Resolving deltas: 100% (1107/1107), done.
To https://github.com/xingjiantian925/xdi8-shandong.git
 * [new branch]      main -> main
branch 'main' set up to track 'origin/main'.

xingj@TXJ-R9000P MINGW64 /e/Dev/front_end/vitepress-starter/github_ver_2 (main)
$ git add .

xingj@TXJ-R9000P MINGW64 /e/Dev/front_end/vitepress-starter/github_ver_2 (main)
$ git status
On branch main
Your branch is up to date with 'origin/main'.

Changes to be committed:
  (use "git restore --staged <file>..." to unstage)
        new file:   README.md


xingj@TXJ-R9000P MINGW64 /e/Dev/front_end/vitepress-starter/github_ver_2 (main)
$ git push -u origin main
Everything up-to-date
branch 'main' set up to track 'origin/main'.

xingj@TXJ-R9000P MINGW64 /e/Dev/front_end/vitepress-starter/github_ver_2 (main)
$ git
usage: git [-v | --version] [-h | --help] [-C <path>] [-c <name>=<value>]
           [--exec-path[=<path>]] [--html-path] [--man-path] [--info-path]
           [-p | --paginate | -P | --no-pager] [--no-replace-objects] [--bare]
           [--git-dir=<path>] [--work-tree=<path>] [--namespace=<name>]
           [--super-prefix=<path>] [--config-env=<name>=<envvar>]
           <command> [<args>]

These are common Git commands used in various situations:

start a working area (see also: git help tutorial)
   clone     Clone a repository into a new directory
   init      Create an empty Git repository or reinitialize an existing one

work on the current change (see also: git help everyday)
   add       Add file contents to the index
   mv        Move or rename a file, a directory, or a symlink
   restore   Restore working tree files
   rm        Remove files from the working tree and from the index

examine the history and state (see also: git help revisions)
   bisect    Use binary search to find the commit that introduced a bug
   diff      Show changes between commits, commit and working tree, etc
   grep      Print lines matching a pattern
   log       Show commit logs
   show      Show various types of objects
   status    Show the working tree status

grow, mark and tweak your common history
   branch    List, create, or delete branches
   commit    Record changes to the repository
   merge     Join two or more development histories together
   rebase    Reapply commits on top of another base tip
   reset     Reset current HEAD to the specified state
   switch    Switch branches
   tag       Create, list, delete or verify a tag object signed with GPG

collaborate (see also: git help workflows)
   fetch     Download objects and refs from another repository
   pull      Fetch from and integrate with another repository or a local branch
   push      Update remote refs along with associated objects

'git help -a' and 'git help -g' list available subcommands and some
concept guides. See 'git help <command>' or 'git help <concept>'
to read about a specific subcommand or concept.
See 'git help git' for an overview of the system.

xingj@TXJ-R9000P MINGW64 /e/Dev/front_end/vitepress-starter/github_ver_2 (main)
$ git push
Everything up-to-date

xingj@TXJ-R9000P MINGW64 /e/Dev/front_end/vitepress-starter/github_ver_2 (main)
$ git add .

xingj@TXJ-R9000P MINGW64 /e/Dev/front_end/vitepress-starter/github_ver_2 (main)
$ git status
On branch main
Your branch is up to date with 'origin/main'.

Changes to be committed:
  (use "git restore --staged <file>..." to unstage)
        new file:   README.md


xingj@TXJ-R9000P MINGW64 /e/Dev/front_end/vitepress-starter/github_ver_2 (main)
$ git commit -m "readme"
[main fb86ac4] readme
 1 file changed, 1 insertion(+)
 create mode 100644 README.md

xingj@TXJ-R9000P MINGW64 /e/Dev/front_end/vitepress-starter/github_ver_2 (main)
$ git push -u origin main
Enumerating objects: 4, done.
Counting objects: 100% (4/4), done.
Delta compression using up to 16 threads
Compressing objects: 100% (3/3), done.
Writing objects: 100% (3/3), 354 bytes | 354.00 KiB/s, done.
Total 3 (delta 1), reused 0 (delta 0), pack-reused 0
remote: Resolving deltas: 100% (1/1), completed with 1 local object.
To https://github.com/xingjiantian925/xdi8-shandong.git
   5a5ca6c..fb86ac4  main -> main
branch 'main' set up to track 'origin/main'.

xingj@TXJ-R9000P MINGW64 /e/Dev/front_end/vitepress-starter/github_ver_2 (main)
$ add .
bash: add: command not found

xingj@TXJ-R9000P MINGW64 /e/Dev/front_end/vitepress-starter/github_ver_2 (main)
$ git add .

xingj@TXJ-R9000P MINGW64 /e/Dev/front_end/vitepress-starter/github_ver_2 (main)
$ git status
On branch main
Your branch is up to date with 'origin/main'.

Changes to be committed:
  (use "git restore --staged <file>..." to unstage)
        new file:   .github/workflows/deploy.yml


xingj@TXJ-R9000P MINGW64 /e/Dev/front_end/vitepress-starter/github_ver_2 (main)
$ git commit -m "build"
[main e5cd9d9] build
 1 file changed, 29 insertions(+)
 create mode 100644 .github/workflows/deploy.yml

xingj@TXJ-R9000P MINGW64 /e/Dev/front_end/vitepress-starter/github_ver_2 (main)
$ git push -u origin main
Enumerating objects: 5, done.
Counting objects: 100% (5/5), done.
Delta compression using up to 16 threads
Compressing objects: 100% (2/2), done.
Writing objects: 100% (4/4), 381 bytes | 190.00 KiB/s, done.
Total 4 (delta 1), reused 0 (delta 0), pack-reused 0
remote: Resolving deltas: 100% (1/1), completed with 1 local object.
To https://github.com/xingjiantian925/xdi8-shandong.git
   fb86ac4..e5cd9d9  main -> main
branch 'main' set up to track 'origin/main'.

xingj@TXJ-R9000P MINGW64 /e/Dev/front_end/vitepress-starter/github_ver_2 (main)
$
